// Jest Snapshot v1, https://goo.gl/fbAQLP

exports[`Calculator page component should match the Calculator page 1`] = `
<section
  className="calculator-main-section"
>
  <div
    className="bg"
  />
  <div
    className="calculator-main-wrapper"
  >
    <div
      className="calculator-container flex-between"
    >
      <div
        className="right-container"
      >
        <p>
          Let do some Math
          <span>
            !
          </span>
        </p>
      </div>
      <div
        className="left-container"
      >
        <div
          className="calculator-main-container"
        >
          <div
            className="row flex-center result"
          >
            <input
              disabled={true}
              onChange={[Function]}
              type="text"
              value="0"
            />
          </div>
          <div>
            <div
              className="row flex-center "
            >
              <button
                className="btn"
                onClick={[Function]}
                type="button"
              >
                AC
              </button>
              <button
                className="btn"
                onClick={[Function]}
                type="button"
              >
                +/-
              </button>
              <button
                className="btn"
                onClick={[Function]}
                type="button"
              >
                %
              </button>
              <button
                className="btn"
                onClick={[Function]}
                type="button"
              >
                รท
              </button>
            </div>
            <div
              className="row flex-center "
            >
              <button
                className="btn"
                onClick={[Function]}
                type="button"
              >
                7
              </button>
              <button
                className="btn"
                onClick={[Function]}
                type="button"
              >
                8
              </button>
              <button
                className="btn"
                onClick={[Function]}
                type="button"
              >
                9
              </button>
              <button
                className="btn"
                onClick={[Function]}
                type="button"
              >
                x
              </button>
            </div>
            <div
              className="row flex-center "
            >
              <button
                className="btn"
                onClick={[Function]}
                type="button"
              >
                4
              </button>
              <button
                className="btn"
                onClick={[Function]}
                type="button"
              >
                5
              </button>
              <button
                className="btn"
                onClick={[Function]}
                type="button"
              >
                6
              </button>
              <button
                className="btn"
                onClick={[Function]}
                type="button"
              >
                -
              </button>
            </div>
            <div
              className="row flex-center "
            >
              <button
                className="btn"
                onClick={[Function]}
                type="button"
              >
                1
              </button>
              <button
                className="btn"
                onClick={[Function]}
                type="button"
              >
                2
              </button>
              <button
                className="btn"
                onClick={[Function]}
                type="button"
              >
                3
              </button>
              <button
                className="btn"
                onClick={[Function]}
                type="button"
              >
                +
              </button>
            </div>
            <div
              className="row flex-center "
            >
              <button
                className="btn"
                onClick={[Function]}
                type="button"
              >
                0
              </button>
              <button
                className="btn"
                onClick={[Function]}
                type="button"
              >
                .
              </button>
              <button
                className="btn"
                onClick={[Function]}
                type="button"
              >
                =
              </button>
            </div>
          </div>
        </div>
      </div>
    </div>
  </div>
</section>
`;
